../Core/Src/main.c:72:24:SinToDuty	3
../Core/Src/main.c:81:13:GenerateSineTable	2
../Core/Src/main.c:90:6:TIM3_IRQHandler	6
../Core/Src/main.c:132:24:freq_to_period	3
../Core/Src/main.c:141:13:Encoder_Process	6
../Core/Src/main.c:161:13:LCD_UpdatePosition	2
../Core/Src/main.c:175:13:EStop_Process	5
../Core/Src/main.c:204:5:main	16
../Core/Src/main.c:331:6:SystemClock_Config	1
../Core/Src/main.c:354:13:MX_TIM1_Init	9
../Core/Src/main.c:409:13:MX_TIM3_Init	2
../Core/Src/main.c:426:13:MX_TIM2_Init	3
../Core/Src/main.c:477:13:MX_I2C1_Init	2
../Core/Src/main.c:505:13:MX_GPIO_Init	1
../Core/Src/main.c:523:6:Error_Handler	1
